2025/03/14 09:37:48 Warning: No .env file found, using system environment variables
2025/03/14 09:37:48 Server started on port 8085
[GIN-debug] [WARNING] Creating an Engine instance with the Logger and Recovery middleware already attached.

[GIN-debug] [WARNING] Running in "debug" mode. Switch to "release" mode in production.
 - using env:	export GIN_MODE=release
 - using code:	gin.SetMode(gin.ReleaseMode)

[GIN-debug] POST   /api/v1/auth/register     --> Backend/controllers.Register (3 handlers)
[GIN-debug] POST   /api/v1/auth/login        --> Backend/controllers.Login (3 handlers)
[GIN-debug] GET    /api/v1/vehicle/getAll    --> Backend/controllers.GetAllVehicles (4 handlers)
[GIN-debug] GET    /api/v1/vehicle/getById/:id --> Backend/controllers.GetVehicleById (4 handlers)
[GIN-debug] GET    /api/v1/vehicle/getAllAvailable --> Backend/controllers.GetAvailableVehicles (4 handlers)
[GIN-debug] POST   /api/v1/vehicle/new       --> Backend/controllers.CreateVehicle (5 handlers)
[GIN-debug] PUT    /api/v1/vehicle/update/:id --> Backend/controllers.UpdateVehicle (5 handlers)
[GIN-debug] DELETE /api/v1/vehicle/delete/:id --> Backend/controllers.DeleteVehicle (5 handlers)
[GIN-debug] POST   /api/v1/booking/new       --> Backend/controllers.CreateBooking (4 handlers)
[GIN-debug] GET    /api/v1/booking/getAll    --> Backend/controllers.GetAllBookings (4 handlers)
[GIN-debug] PUT    /api/v1/booking/update/:id --> Backend/controllers.UpdateBooking (5 handlers)
[GIN-debug] DELETE /api/v1/booking/delete/:id --> Backend/controllers.DeleteBooking (5 handlers)
2025/03/14 09:49:36 Server started on port 8085
[GIN-debug] [WARNING] You trusted all proxies, this is NOT safe. We recommend you to set a value.
Please check https://pkg.go.dev/github.com/gin-gonic/gin#readme-don-t-trust-all-proxies for details.
[GIN-debug] Listening and serving HTTP on :8085
[GIN-debug] [WARNING] Creating an Engine instance with the Logger and Recovery middleware already attached.

[GIN-debug] [WARNING] Running in "debug" mode. Switch to "release" mode in production.
 - using env:	export GIN_MODE=release
 - using code:	gin.SetMode(gin.ReleaseMode)

[GIN-debug] POST   /api/v1/auth/register     --> Backend/controllers.Register (3 handlers)
[GIN-debug] POST   /api/v1/auth/login        --> Backend/controllers.Login (3 handlers)
[GIN-debug] GET    /api/v1/vehicle/getAll    --> Backend/controllers.GetAllVehicles (4 handlers)
[GIN-debug] GET    /api/v1/vehicle/getById/:id --> Backend/controllers.GetVehicleById (4 handlers)
[GIN-debug] GET    /api/v1/vehicle/getAllAvailable --> Backend/controllers.GetAvailableVehicles (4 handlers)
[GIN-debug] POST   /api/v1/vehicle/new       --> Backend/controllers.CreateVehicle (5 handlers)
[GIN-debug] PUT    /api/v1/vehicle/update/:id --> Backend/controllers.UpdateVehicle (5 handlers)
[GIN-debug] DELETE /api/v1/vehicle/delete/:id --> Backend/controllers.DeleteVehicle (5 handlers)
[GIN-debug] POST   /api/v1/booking/new       --> Backend/controllers.CreateBooking (4 handlers)
[GIN-debug] GET    /api/v1/booking/getAll    --> Backend/controllers.GetAllBookings (4 handlers)
[GIN-debug] PUT    /api/v1/booking/update/:id --> Backend/controllers.UpdateBooking (5 handlers)
[GIN-debug] DELETE /api/v1/booking/delete/:id --> Backend/controllers.DeleteBooking (5 handlers)
[GIN-debug] Listening and serving HTTP on :8085
[GIN-debug] [WARNING] Creating an Engine instance with the Logger and Recovery middleware already attached.

[GIN-debug] [WARNING] Running in "debug" mode. Switch to "release" mode in production.
 - using env:	export GIN_MODE=release
 - using code:	gin.SetMode(gin.ReleaseMode)

[GIN-debug] POST   /api/v1/auth/register     --> Backend/controllers.Register (3 handlers)
[GIN-debug] POST   /api/v1/auth/login        --> Backend/controllers.Login (3 handlers)
[GIN-debug] GET    /api/v1/vehicle/getAll    --> Backend/controllers.GetAllVehicles (4 handlers)
[GIN-debug] GET    /api/v1/vehicle/getById/:id --> Backend/controllers.GetVehicleById (4 handlers)
[GIN-debug] GET    /api/v1/vehicle/getAllAvailable --> Backend/controllers.GetAvailableVehicles (4 handlers)
[GIN-debug] POST   /api/v1/vehicle/new       --> Backend/controllers.CreateVehicle (5 handlers)
[GIN-debug] PUT    /api/v1/vehicle/update/:id --> Backend/controllers.UpdateVehicle (5 handlers)
[GIN-debug] DELETE /api/v1/vehicle/delete/:id --> Backend/controllers.DeleteVehicle (5 handlers)
[GIN-debug] POST   /api/v1/booking/new       --> Backend/controllers.CreateBooking (4 handlers)
[GIN-debug] GET    /api/v1/booking/getAll    --> Backend/controllers.GetAllBookings (4 handlers)
[GIN-debug] PUT    /api/v1/booking/update/:id --> Backend/controllers.UpdateBooking (5 handlers)
[GIN-debug] DELETE /api/v1/booking/delete/:id --> Backend/controllers.DeleteBooking (5 handlers)
[GIN-debug] Listening and serving HTTP on :8085
[GIN] 2025/03/14 - 10:02:57 | 200 |    1.780094ms |       127.0.0.1 | POST     "/api/v1/auth/login"
[GIN-debug] [WARNING] Creating an Engine instance with the Logger and Recovery middleware already attached.

[GIN-debug] [WARNING] Running in "debug" mode. Switch to "release" mode in production.
 - using env:	export GIN_MODE=release
 - using code:	gin.SetMode(gin.ReleaseMode)

[GIN-debug] POST   /api/v1/auth/register     --> Backend/controllers.Register (3 handlers)
[GIN-debug] POST   /api/v1/auth/login        --> Backend/controllers.Login (3 handlers)
[GIN-debug] GET    /api/v1/vehicle/getAll    --> Backend/controllers.GetAllVehicles (4 handlers)
[GIN-debug] GET    /api/v1/vehicle/getById/:id --> Backend/controllers.GetVehicleById (4 handlers)
[GIN-debug] GET    /api/v1/vehicle/getAllAvailable --> Backend/controllers.GetAvailableVehicles (4 handlers)
[GIN-debug] POST   /api/v1/vehicle/new       --> Backend/controllers.CreateVehicle (5 handlers)
[GIN-debug] PUT    /api/v1/vehicle/update/:id --> Backend/controllers.UpdateVehicle (5 handlers)
[GIN-debug] DELETE /api/v1/vehicle/delete/:id --> Backend/controllers.DeleteVehicle (5 handlers)
[GIN-debug] POST   /api/v1/booking/new       --> Backend/controllers.CreateBooking (4 handlers)
[GIN-debug] GET    /api/v1/booking/getAll    --> Backend/controllers.GetAllBookings (4 handlers)
[GIN-debug] PUT    /api/v1/booking/update/:id --> Backend/controllers.UpdateBooking (5 handlers)
[GIN-debug] DELETE /api/v1/booking/delete/:id --> Backend/controllers.DeleteBooking (5 handlers)
[GIN-debug] Listening and serving HTTP on :8085
[GIN] 2025/03/14 - 10:07:10 | 200 |   96.409858ms |       127.0.0.1 | POST     "/api/v1/auth/login"
2025/03/14 10:08:33 Received request to fetch all bookings
2025/03/14 10:08:33 UserID: 1, isAdmin: true
2025/03/14 10:08:33 Successfully retrieved 2 bookings
[GIN] 2025/03/14 - 10:08:33 | 200 |    3.883686ms |       127.0.0.1 | GET      "/api/v1/booking/getAll"
2025/03/14 10:10:03 Received request to fetch all vehicles from the db
2025/03/14 10:10:03 Successfully retrieved 3 vehicles
[GIN] 2025/03/14 - 10:10:03 | 200 |    3.237805ms |       127.0.0.1 | GET      "/api/v1/vehicle/getAll"
